// Jest Snapshot v1, https://goo.gl/fbAQLP

exports[`should render ExpenseList with expenses 1`] = `
<div>
  <ExpenseListItem
    amount={195}
    createdAt={0}
    description="gum"
    id={1}
    key="1"
    note=""
  />
  <ExpenseListItem
    amount={350}
    createdAt={-345600000}
    description="frogs"
    id={2}
    key="2"
    note=""
  />
  <ExpenseListItem
    amount={1300}
    createdAt={345600000}
    description="credit card"
    id={3}
    key="3"
    note="ahhh"
  />
</div>
`;

exports[`should render ExpenseList without expenses 1`] = `
<div>
  <p>
    No Expenses
  </p>
</div>
`;
